// Vitest Snapshot v1

exports[`getListing > snapshot 1`] = `
{
  "foo": "bar",
}
`;
